{"timestamp": "2026-07-13T19:26:52.203394+00:00", "level": "INFO", "service": "payments-service", "endpoint": "/api/health", "status_code": 200, "latency_ms": 74.55, "trace_id": "b0240f05-2823-4bf2-8be1-b4352267d01f", "host": "ip-10-0-3-161", "message": "request completed"}
{"timestamp": "2026-07-13T19:26:52.203764+00:00", "level": "DEBUG", "service": "payments-service", "endpoint": "/api/health", "status_code": 201, "latency_ms": 15.85, "trace_id": "cfdacf8a-b23d-4eec-b4e6-abbdb6938ee3", "host": "ip-10-0-2-61", "message": "request completed"}
{"timestamp": "2026-07-13T19:26:52.203817+00:00", "level": "DEBUG", "service": "orders-service", "endpoint": "/api/payments/charge", "status_code": 204, "latency_ms": 87.65, "trace_id": "ba163861-35df-47f5-b742-4344b943eee6", "host": "ip-10-0-4-234", "message": "request completed"}
{"timestamp": "2026-07-13T19:26:52.203844+00:00", "level": "INFO", "service": "orders-service", "endpoint": "/api/orders", "status_code": 200, "latency_ms": 103.97, "trace_id": "d8d22a5f-bfd8-4bd0-8ec8-7cf6741e859f", "host": "ip-10-0-4-199", "message": "request completed"}
{"timestamp": "2026-07-13T19:26:52.203866+00:00", "level": "DEBUG", "service": "orders-service", "endpoint": "/api/orders", "status_code": 204, "latency_ms": 17.51, "trace_id": "beda8577-01a5-429b-b822-cf2628f789a5", "host": "ip-10-0-4-117", "message": "request completed"}
{"timestamp": "2026-07-13T19:26:52.203889+00:00", "level": "ERROR", "service": "auth-service", "endpoint": "/api/notify", "status_code": 401, "latency_ms": 494.24, "trace_id": "9f412381-06c6-4aef-8d79-c4d12b1306a6", "host": "ip-10-0-1-140", "message": "request failed"}
{"timestamp": "2026-07-13T19:26:52.203909+00:00", "level": "DEBUG", "service": "auth-service", "endpoint": "/api/notify", "status_code": 200, "latency_ms": 101.08, "trace_id": "046e6a6a-2e03-4c50-a94d-a893db0c35e8", "host": "ip-10-0-1-198", "message": "request completed"}
{"timestamp": "2026-07-13T19:26:52.203927+00:00", "level": "INFO", "service": "notifications-service", "endpoint": "/api/payments/charge", "status_code": 200, "latency_ms": 130.73, "trace_id": "c12ff2c3-cf6e-47e9-9f03-e3f774806e09", "host": "ip-10-0-3-25", "message": "request completed"}
{"timestamp": "2026-07-13T19:26:52.203955+00:00", "level": "DEBUG", "service": "notifications-service", "endpoint": "/api/health", "status_code": 204, "latency_ms": 46.53, "trace_id": "5faccf1f-c4d4-4dfa-969f-d8700df260af", "host": "ip-10-0-1-194", "message": "request completed"}
{"timestamp": "2026-07-13T19:26:52.203980+00:00", "level": "INFO", "service": "payments-service", "endpoint": "/api/orders", "status_code": 204, "latency_ms": 79.17, "trace_id": "931602b7-bf16-414b-b7b1-8226bfd14f82", "host": "ip-10-0-4-157", "message": "request completed"}
{"timestamp": "2026-07-13T19:26:52.203997+00:00", "level": "DEBUG", "service": "auth-service", "endpoint": "/api/orders", "status_code": 204, "latency_ms": 94.33, "trace_id": "1be6067a-d853-4a7e-9eaf-653e41102e70", "host": "ip-10-0-2-178", "message": "request completed"}
{"timestamp": "2026-07-13T19:26:52.204014+00:00", "level": "DEBUG", "service": "auth-service", "endpoint": "/api/health", "status_code": 200, "latency_ms": 80.43, "trace_id": "befd3df2-62bb-4c70-b93d-7291867c30fd", "host": "ip-10-0-3-23", "message": "request completed"}
{"timestamp": "2026-07-13T19:26:52.204033+00:00", "level": "WARN", "service": "orders-service", "endpoint": "/api/payments/charge", "status_code": 500, "latency_ms": 592.53, "trace_id": "25ecc994-e0b4-47ff-8504-b5bf0aff4573", "host": "ip-10-0-3-58", "message": "request failed"}
{"timestamp": "2026-07-13T19:26:52.204051+00:00", "level": "WARN", "service": "notifications-service", "endpoint": "/api/health", "status_code": 404, "latency_ms": 857.51, "trace_id": "e498cef6-1b4c-4d77-8849-759c44a04ec2", "host": "ip-10-0-1-117", "message": "request failed"}
{"timestamp": "2026-07-13T19:26:52.204068+00:00", "level": "DEBUG", "service": "orders-service", "endpoint": "/api/login", "status_code": 204, "latency_ms": 55.84, "trace_id": "a39f5b0c-0650-44a9-8263-b3a4bcc89d8b", "host": "ip-10-0-3-96", "message": "request completed"}
{"timestamp": "2026-07-13T19:26:52.204216+00:00", "level": "DEBUG", "service": "auth-service", "endpoint": "/api/payments/charge", "status_code": 204, "latency_ms": 153.96, "trace_id": "c40984b0-da12-4614-a6d0-82f8009a36d2", "host": "ip-10-0-3-90", "message": "request completed"}
{"timestamp": "2026-07-13T19:26:52.204260+00:00", "level": "INFO", "service": "orders-service", "endpoint": "/api/login", "status_code": 200, "latency_ms": 162.35, "trace_id": "202a488b-a35a-47b2-87f7-4ba19e96fec5", "host": "ip-10-0-4-221", "message": "request completed"}
{"timestamp": "2026-07-13T19:26:52.204282+00:00", "level": "WARN", "service": "orders-service", "endpoint": "/api/login", "status_code": 500, "latency_ms": 652.2, "trace_id": "912ffaef-f293-47bb-910f-d976dfe1a702", "host": "ip-10-0-1-148", "message": "request failed"}
{"timestamp": "2026-07-13T19:26:52.204303+00:00", "level": "INFO", "service": "auth-service", "endpoint": "/api/orders", "status_code": 204, "latency_ms": 14.48, "trace_id": "90bfe8fc-da1f-47d6-a91d-69e875d42ed6", "host": "ip-10-0-3-119", "message": "request completed"}
{"timestamp": "2026-07-13T19:26:52.204320+00:00", "level": "DEBUG", "service": "payments-service", "endpoint": "/api/health", "status_code": 200, "latency_ms": 109.61, "trace_id": "98762d0d-2341-4484-82bd-8927ddbc2c24", "host": "ip-10-0-4-176", "message": "request completed"}
{"timestamp": "2026-07-13T19:26:52.204337+00:00", "level": "DEBUG", "service": "auth-service", "endpoint": "/api/health", "status_code": 204, "latency_ms": 59.2, "trace_id": "2b124270-7df8-4a3c-a75a-6b4c06e425e7", "host": "ip-10-0-3-107", "message": "request completed"}
{"timestamp": "2026-07-13T19:26:52.204355+00:00", "level": "INFO", "service": "notifications-service", "endpoint": "/api/payments/charge", "status_code": 200, "latency_ms": 96.74, "trace_id": "6bc56fb6-b674-4005-a528-7579a494eac1", "host": "ip-10-0-4-84", "message": "request completed"}
{"timestamp": "2026-07-13T19:26:52.204372+00:00", "level": "INFO", "service": "orders-service", "endpoint": "/api/login", "status_code": 200, "latency_ms": 116.05, "trace_id": "a79213e9-145c-4f76-b47f-5cbb0ae00982", "host": "ip-10-0-2-12", "message": "request completed"}
{"timestamp": "2026-07-13T19:26:52.204389+00:00", "level": "INFO", "service": "orders-service", "endpoint": "/api/payments/charge", "status_code": 204, "latency_ms": 170.62, "trace_id": "db635580-0fb1-4de7-8de1-f91433ad367b", "host": "ip-10-0-4-29", "message": "request completed"}
{"timestamp": "2026-07-13T19:26:52.204406+00:00", "level": "INFO", "service": "orders-service", "endpoint": "/api/health", "status_code": 201, "latency_ms": 65.02, "trace_id": "470491b5-44f3-4200-8460-4fb9911399d4", "host": "ip-10-0-3-81", "message": "request completed"}
{"timestamp": "2026-07-13T19:26:52.204423+00:00", "level": "INFO", "service": "auth-service", "endpoint": "/api/payments/charge", "status_code": 204, "latency_ms": 144.03, "trace_id": "5bf9114f-b435-4718-8612-7d029737e8bc", "host": "ip-10-0-1-85", "message": "request completed"}
{"timestamp": "2026-07-13T19:26:52.204440+00:00", "level": "INFO", "service": "auth-service", "endpoint": "/api/payments/charge", "status_code": 200, "latency_ms": 18.43, "trace_id": "3c18cb67-6243-4825-b064-3f5a45d1b620", "host": "ip-10-0-1-180", "message": "request completed"}
{"timestamp": "2026-07-13T19:26:52.204457+00:00", "level": "INFO", "service": "notifications-service", "endpoint": "/api/payments/charge", "status_code": 204, "latency_ms": 179.66, "trace_id": "e9b35dc8-a4f7-4829-9e6c-afaa1a9f22f3", "host": "ip-10-0-3-205", "message": "request completed"}
{"timestamp": "2026-07-13T19:26:52.204474+00:00", "level": "DEBUG", "service": "payments-service", "endpoint": "/api/orders", "status_code": 201, "latency_ms": 146.24, "trace_id": "0d86cb01-3f53-4acc-9375-31a9660d5b8e", "host": "ip-10-0-4-87", "message": "request completed"}
{"timestamp": "2026-07-13T19:26:52.204491+00:00", "level": "DEBUG", "service": "notifications-service", "endpoint": "/api/orders", "status_code": 200, "latency_ms": 100.59, "trace_id": "d2173ee8-06fd-4648-8c75-cce631f52fc9", "host": "ip-10-0-4-228", "message": "request completed"}
{"timestamp": "2026-07-13T19:26:52.204513+00:00", "level": "INFO", "service": "orders-service", "endpoint": "/api/orders", "status_code": 204, "latency_ms": 70.07, "trace_id": "1ed07e31-422d-4b83-9756-48a61a2776c0", "host": "ip-10-0-4-73", "message": "request completed"}
{"timestamp": "2026-07-13T19:26:52.204534+00:00", "level": "INFO", "service": "orders-service", "endpoint": "/api/orders", "status_code": 201, "latency_ms": 32.29, "trace_id": "d89404cb-540e-4799-ad5d-0cf964c75500", "host": "ip-10-0-1-47", "message": "request completed"}
{"timestamp": "2026-07-13T19:26:52.204560+00:00", "level": "INFO", "service": "orders-service", "endpoint": "/api/notify", "status_code": 200, "latency_ms": 72.41, "trace_id": "cc74c8d1-7e43-4af2-9091-684074adab9d", "host": "ip-10-0-3-159", "message": "request completed"}
{"timestamp": "2026-07-13T19:26:52.204584+00:00", "level": "DEBUG", "service": "payments-service", "endpoint": "/api/health", "status_code": 204, "latency_ms": 80.59, "trace_id": "1f4e2cc9-59b5-474a-b92c-9a626895ad03", "host": "ip-10-0-2-94", "message": "request completed"}
{"timestamp": "2026-07-13T19:26:52.204609+00:00", "level": "WARN", "service": "orders-service", "endpoint": "/api/payments/charge", "status_code": 401, "latency_ms": 431.67, "trace_id": "e4e30d08-cf6d-457e-b5e9-eded7e2eea9a", "host": "ip-10-0-1-218", "message": "request failed"}
{"timestamp": "2026-07-13T19:26:52.204635+00:00", "level": "INFO", "service": "orders-service", "endpoint": "/api/payments/charge", "status_code": 204, "latency_ms": 72.53, "trace_id": "f3aa674a-4f4b-4180-bbc8-21a6ac03a7e8", "host": "ip-10-0-4-239", "message": "request completed"}
{"timestamp": "2026-07-13T19:26:52.204665+00:00", "level": "DEBUG", "service": "auth-service", "endpoint": "/api/payments/charge", "status_code": 201, "latency_ms": 13.36, "trace_id": "06b6cd84-be7d-4e2b-92ab-ab16fce5cf14", "host": "ip-10-0-2-197", "message": "request completed"}
{"timestamp": "2026-07-13T19:26:52.204683+00:00", "level": "DEBUG", "service": "auth-service", "endpoint": "/api/health", "status_code": 200, "latency_ms": 55.25, "trace_id": "12a718e0-bb35-4af5-9ca2-fb2aae567c9c", "host": "ip-10-0-1-184", "message": "request completed"}
{"timestamp": "2026-07-13T19:26:52.204699+00:00", "level": "DEBUG", "service": "orders-service", "endpoint": "/api/orders", "status_code": 204, "latency_ms": 24.67, "trace_id": "c112cdff-cf87-451c-aae7-bc4524a3d913", "host": "ip-10-0-4-99", "message": "request completed"}
{"timestamp": "2026-07-13T19:26:52.204716+00:00", "level": "DEBUG", "service": "auth-service", "endpoint": "/api/orders", "status_code": 201, "latency_ms": 89.98, "trace_id": "f983695d-02d6-403b-a28c-5e13676a686e", "host": "ip-10-0-1-108", "message": "request completed"}
{"timestamp": "2026-07-13T19:26:52.204732+00:00", "level": "INFO", "service": "orders-service", "endpoint": "/api/health", "status_code": 204, "latency_ms": 143.73, "trace_id": "76118aa9-3d6a-4836-8bbe-efa3f85d80d7", "host": "ip-10-0-1-206", "message": "request completed"}
{"timestamp": "2026-07-13T19:26:52.204761+00:00", "level": "INFO", "service": "auth-service", "endpoint": "/api/payments/charge", "status_code": 200, "latency_ms": 133.24, "trace_id": "e58a7446-f895-4513-ba87-616dafba4ad1", "host": "ip-10-0-3-179", "message": "request completed"}
{"timestamp": "2026-07-13T19:26:52.204778+00:00", "level": "DEBUG", "service": "orders-service", "endpoint": "/api/notify", "status_code": 204, "latency_ms": 99.13, "trace_id": "349405b0-b15e-4d40-ac16-dabeef412cef", "host": "ip-10-0-4-172", "message": "request completed"}
{"timestamp": "2026-07-13T19:26:52.204802+00:00", "level": "INFO", "service": "auth-service", "endpoint": "/api/login", "status_code": 204, "latency_ms": 91.14, "trace_id": "b4dba790-10d3-4cb4-b213-bfbcce187068", "host": "ip-10-0-2-61", "message": "request completed"}
{"timestamp": "2026-07-13T19:26:52.204819+00:00", "level": "DEBUG", "service": "notifications-service", "endpoint": "/api/orders", "status_code": 201, "latency_ms": 162.82, "trace_id": "860dc728-8d74-4132-bb14-5328175c356e", "host": "ip-10-0-1-182", "message": "request completed"}
{"timestamp": "2026-07-13T19:26:52.204841+00:00", "level": "INFO", "service": "orders-service", "endpoint": "/api/health", "status_code": 204, "latency_ms": 154.84, "trace_id": "fede1121-c6c9-40b6-a0d2-c3230c48712d", "host": "ip-10-0-3-168", "message": "request completed"}
{"timestamp": "2026-07-13T19:26:52.204859+00:00", "level": "ERROR", "service": "payments-service", "endpoint": "/api/health", "status_code": 401, "latency_ms": 376.45, "trace_id": "af04b980-3765-4c7f-a6cd-fabe57f7cb68", "host": "ip-10-0-4-70", "message": "request failed"}
{"timestamp": "2026-07-13T19:26:52.204875+00:00", "level": "INFO", "service": "payments-service", "endpoint": "/api/payments/charge", "status_code": 204, "latency_ms": 145.58, "trace_id": "4199298f-c32e-4ebd-9566-d197ddc0a330", "host": "ip-10-0-2-45", "message": "request completed"}
{"timestamp": "2026-07-13T19:26:52.204892+00:00", "level": "INFO", "service": "orders-service", "endpoint": "/api/login", "status_code": 204, "latency_ms": 43.01, "trace_id": "bde7a917-1c7d-4217-b017-909fc1afa150", "host": "ip-10-0-1-84", "message": "request completed"}
{"timestamp": "2026-07-13T19:26:52.204908+00:00", "level": "DEBUG", "service": "orders-service", "endpoint": "/api/orders", "status_code": 201, "latency_ms": 164.64, "trace_id": "d7b376a2-6775-4a48-84f4-9a530bb6ceff", "host": "ip-10-0-4-72", "message": "request completed"}
{"timestamp": "2026-07-13T19:26:52.204932+00:00", "level": "DEBUG", "service": "notifications-service", "endpoint": "/api/notify", "status_code": 200, "latency_ms": 120.04, "trace_id": "3d091875-a567-488a-81ed-10713c255a33", "host": "ip-10-0-1-253", "message": "request completed"}
{"timestamp": "2026-07-13T19:26:52.204959+00:00", "level": "INFO", "service": "orders-service", "endpoint": "/api/notify", "status_code": 204, "latency_ms": 111.55, "trace_id": "e9262a4f-8bcb-421b-982d-fbcec196e530", "host": "ip-10-0-3-239", "message": "request completed"}
{"timestamp": "2026-07-13T19:26:52.204982+00:00", "level": "INFO", "service": "payments-service", "endpoint": "/api/login", "status_code": 201, "latency_ms": 58.33, "trace_id": "af29ce4d-31d0-4210-a1d1-1e955dbd93d4", "host": "ip-10-0-1-89", "message": "request completed"}
{"timestamp": "2026-07-13T19:26:52.205006+00:00", "level": "INFO", "service": "auth-service", "endpoint": "/api/health", "status_code": 200, "latency_ms": 162.65, "trace_id": "3e832b21-4b0c-40ba-a6f3-e914f8fbaf5e", "host": "ip-10-0-1-101", "message": "request completed"}
{"timestamp": "2026-07-13T19:26:52.205025+00:00", "level": "DEBUG", "service": "auth-service", "endpoint": "/api/health", "status_code": 201, "latency_ms": 144.67, "trace_id": "72208e90-19f1-4192-8f79-06d419f8005e", "host": "ip-10-0-1-22", "message": "request completed"}
{"timestamp": "2026-07-13T19:26:52.205041+00:00", "level": "DEBUG", "service": "orders-service", "endpoint": "/api/notify", "status_code": 204, "latency_ms": 171.58, "trace_id": "bf75c7a4-0dbf-47d4-b726-022b862f53cf", "host": "ip-10-0-1-75", "message": "request completed"}
{"timestamp": "2026-07-13T19:26:52.205058+00:00", "level": "INFO", "service": "payments-service", "endpoint": "/api/notify", "status_code": 204, "latency_ms": 93.63, "trace_id": "8cd6d632-4101-4a2b-a6ac-6bf2dcf8691e", "host": "ip-10-0-1-217", "message": "request completed"}
{"timestamp": "2026-07-13T19:26:52.205082+00:00", "level": "DEBUG", "service": "auth-service", "endpoint": "/api/payments/charge", "status_code": 201, "latency_ms": 139.99, "trace_id": "9f66d0fb-5f66-4aca-b62b-14cac88ac7cc", "host": "ip-10-0-3-72", "message": "request completed"}
{"timestamp": "2026-07-13T19:26:52.205100+00:00", "level": "INFO", "service": "payments-service", "endpoint": "/api/notify", "status_code": 201, "latency_ms": 57.11, "trace_id": "2f6b03f8-a215-404c-97ce-8c86db88029e", "host": "ip-10-0-1-155", "message": "request completed"}
{"timestamp": "2026-07-13T19:26:52.205130+00:00", "level": "INFO", "service": "notifications-service", "endpoint": "/api/login", "status_code": 200, "latency_ms": 92.76, "trace_id": "2cc0cf22-295e-4eca-a90f-0863f61ca059", "host": "ip-10-0-3-232", "message": "request completed"}
{"timestamp": "2026-07-13T19:26:52.205168+00:00", "level": "WARN", "service": "orders-service", "endpoint": "/api/orders", "status_code": 400, "latency_ms": 550.51, "trace_id": "5b5d9575-01dc-4cba-915a-fcf0817adb6f", "host": "ip-10-0-3-21", "message": "request failed"}
{"timestamp": "2026-07-13T19:26:52.205240+00:00", "level": "INFO", "service": "auth-service", "endpoint": "/api/notify", "status_code": 201, "latency_ms": 81.61, "trace_id": "0bae061c-61e9-49e7-b965-54aca4f0ae99", "host": "ip-10-0-1-47", "message": "request completed"}
{"timestamp": "2026-07-13T19:26:52.205278+00:00", "level": "DEBUG", "service": "orders-service", "endpoint": "/api/orders", "status_code": 204, "latency_ms": 137.56, "trace_id": "e54dc2f5-0ff8-47aa-95ee-f9bcc7544145", "host": "ip-10-0-1-202", "message": "request completed"}
{"timestamp": "2026-07-13T19:26:52.205300+00:00", "level": "INFO", "service": "auth-service", "endpoint": "/api/health", "status_code": 200, "latency_ms": 167.28, "trace_id": "0a21c2b8-e74c-48cb-89d7-f9e9bddbfd5f", "host": "ip-10-0-3-57", "message": "request completed"}
{"timestamp": "2026-07-13T19:26:52.205318+00:00", "level": "DEBUG", "service": "payments-service", "endpoint": "/api/login", "status_code": 201, "latency_ms": 60.0, "trace_id": "1b8560d5-d8c6-4a11-bc42-59ae094cda35", "host": "ip-10-0-4-254", "message": "request completed"}
{"timestamp": "2026-07-13T19:26:52.205335+00:00", "level": "DEBUG", "service": "auth-service", "endpoint": "/api/health", "status_code": 201, "latency_ms": 135.69, "trace_id": "fc3fcad9-7199-4234-9677-84b0eacc116f", "host": "ip-10-0-2-250", "message": "request completed"}
{"timestamp": "2026-07-13T19:26:52.205351+00:00", "level": "INFO", "service": "notifications-service", "endpoint": "/api/notify", "status_code": 201, "latency_ms": 133.76, "trace_id": "c1eb5977-d04b-4963-bd02-d195ad1f0819", "host": "ip-10-0-2-203", "message": "request completed"}
{"timestamp": "2026-07-13T19:26:52.205368+00:00", "level": "INFO", "service": "payments-service", "endpoint": "/api/notify", "status_code": 201, "latency_ms": 61.31, "trace_id": "4f473b8e-6a41-48b5-a0a5-f13c4aeaf518", "host": "ip-10-0-1-107", "message": "request completed"}
{"timestamp": "2026-07-13T19:26:52.205384+00:00", "level": "DEBUG", "service": "payments-service", "endpoint": "/api/login", "status_code": 200, "latency_ms": 10.04, "trace_id": "07470d0e-51e0-49d3-aafb-d46e31130e42", "host": "ip-10-0-1-250", "message": "request completed"}
{"timestamp": "2026-07-13T19:26:52.205400+00:00", "level": "INFO", "service": "notifications-service", "endpoint": "/api/login", "status_code": 201, "latency_ms": 20.29, "trace_id": "559348b8-580d-4353-8d83-55ae8d484e55", "host": "ip-10-0-3-154", "message": "request completed"}
{"timestamp": "2026-07-13T19:26:52.205422+00:00", "level": "INFO", "service": "payments-service", "endpoint": "/api/orders", "status_code": 204, "latency_ms": 58.01, "trace_id": "f9217b05-6d0b-44df-9df5-dfc62fbe19b9", "host": "ip-10-0-3-12", "message": "request completed"}
{"timestamp": "2026-07-13T19:26:52.205457+00:00", "level": "DEBUG", "service": "auth-service", "endpoint": "/api/health", "status_code": 201, "latency_ms": 158.49, "trace_id": "fb3e8b54-044b-411f-885f-0b0e214db04d", "host": "ip-10-0-1-214", "message": "request completed"}
{"timestamp": "2026-07-13T19:26:52.205492+00:00", "level": "INFO", "service": "payments-service", "endpoint": "/api/payments/charge", "status_code": 200, "latency_ms": 142.32, "trace_id": "111732bf-b9b6-499b-9fd6-0df2bb6a99e1", "host": "ip-10-0-1-148", "message": "request completed"}
{"timestamp": "2026-07-13T19:26:52.205517+00:00", "level": "DEBUG", "service": "payments-service", "endpoint": "/api/payments/charge", "status_code": 201, "latency_ms": 130.55, "trace_id": "5a91f0ca-ce81-4b40-b6a4-42530ba0a1fe", "host": "ip-10-0-1-48", "message": "request completed"}
{"timestamp": "2026-07-13T19:26:52.205545+00:00", "level": "DEBUG", "service": "orders-service", "endpoint": "/api/notify", "status_code": 200, "latency_ms": 134.08, "trace_id": "ee3bce13-f10e-456d-9ea9-2bee4ea1c7f5", "host": "ip-10-0-2-86", "message": "request completed"}
{"timestamp": "2026-07-13T19:26:52.205583+00:00", "level": "INFO", "service": "auth-service", "endpoint": "/api/health", "status_code": 200, "latency_ms": 113.67, "trace_id": "ef323adb-9c0f-443b-8da5-f6e6e3819e44", "host": "ip-10-0-1-181", "message": "request completed"}
{"timestamp": "2026-07-13T19:26:52.205613+00:00", "level": "DEBUG", "service": "orders-service", "endpoint": "/api/login", "status_code": 204, "latency_ms": 38.63, "trace_id": "537dcbd4-05e6-45bf-ba04-69200a417a8f", "host": "ip-10-0-4-96", "message": "request completed"}
{"timestamp": "2026-07-13T19:26:52.205750+00:00", "level": "INFO", "service": "auth-service", "endpoint": "/api/payments/charge", "status_code": 200, "latency_ms": 58.66, "trace_id": "6bcb3b39-8b22-4164-b552-12fdb2e1e2e7", "host": "ip-10-0-1-225", "message": "request completed"}
{"timestamp": "2026-07-13T19:26:52.205807+00:00", "level": "INFO", "service": "orders-service", "endpoint": "/api/notify", "status_code": 201, "latency_ms": 150.14, "trace_id": "b86129e0-06dd-470f-8f65-d07d47cde7d2", "host": "ip-10-0-4-10", "message": "request completed"}
{"timestamp": "2026-07-13T19:26:52.205841+00:00", "level": "INFO", "service": "auth-service", "endpoint": "/api/orders", "status_code": 200, "latency_ms": 179.06, "trace_id": "2c04c562-c0ed-446b-b07b-b2d05c177313", "host": "ip-10-0-4-237", "message": "request completed"}
{"timestamp": "2026-07-13T19:26:52.205868+00:00", "level": "DEBUG", "service": "orders-service", "endpoint": "/api/payments/charge", "status_code": 201, "latency_ms": 40.66, "trace_id": "71f6b0a3-833e-4918-91f0-3e3e9494aca8", "host": "ip-10-0-3-226", "message": "request completed"}
{"timestamp": "2026-07-13T19:26:52.205896+00:00", "level": "INFO", "service": "notifications-service", "endpoint": "/api/login", "status_code": 200, "latency_ms": 14.37, "trace_id": "0c5614d8-dfb5-45bb-8434-36209700ee89", "host": "ip-10-0-1-69", "message": "request completed"}
{"timestamp": "2026-07-13T19:26:52.205925+00:00", "level": "DEBUG", "service": "payments-service", "endpoint": "/api/health", "status_code": 201, "latency_ms": 13.23, "trace_id": "749cf011-0e04-4292-8a27-995d42983a6a", "host": "ip-10-0-4-58", "message": "request completed"}
{"timestamp": "2026-07-13T19:26:52.205953+00:00", "level": "INFO", "service": "orders-service", "endpoint": "/api/health", "status_code": 200, "latency_ms": 73.52, "trace_id": "43194f3d-89e2-443a-bbcb-3709785fd90d", "host": "ip-10-0-1-27", "message": "request completed"}
{"timestamp": "2026-07-13T19:26:52.205982+00:00", "level": "INFO", "service": "auth-service", "endpoint": "/api/login", "status_code": 201, "latency_ms": 175.52, "trace_id": "ab6e5ca3-8d2d-4e94-916c-c4f80f3186f8", "host": "ip-10-0-4-17", "message": "request completed"}
{"timestamp": "2026-07-13T19:26:52.206012+00:00", "level": "INFO", "service": "notifications-service", "endpoint": "/api/orders", "status_code": 201, "latency_ms": 156.6, "trace_id": "be07b518-970d-4104-9668-6c9da65e43f6", "host": "ip-10-0-4-233", "message": "request completed"}
{"timestamp": "2026-07-13T19:26:52.206038+00:00", "level": "INFO", "service": "orders-service", "endpoint": "/api/orders", "status_code": 200, "latency_ms": 117.18, "trace_id": "79ea1919-b023-4cc5-a3b0-01573256ff84", "host": "ip-10-0-2-16", "message": "request completed"}
{"timestamp": "2026-07-13T19:26:52.206081+00:00", "level": "ERROR", "service": "payments-service", "endpoint": "/api/login", "status_code": 401, "latency_ms": 499.85, "trace_id": "2495ac2e-ef58-45ca-afb6-4c2e4165abf3", "host": "ip-10-0-3-30", "message": "request failed"}
{"timestamp": "2026-07-13T19:26:52.206109+00:00", "level": "DEBUG", "service": "payments-service", "endpoint": "/api/orders", "status_code": 200, "latency_ms": 49.02, "trace_id": "812dfd3f-72be-4e3f-8d69-23c6fffb06e6", "host": "ip-10-0-3-208", "message": "request completed"}
{"timestamp": "2026-07-13T19:26:52.206147+00:00", "level": "INFO", "service": "payments-service", "endpoint": "/api/notify", "status_code": 204, "latency_ms": 56.79, "trace_id": "d8da66e7-2bd7-45be-89b4-61547b93a55b", "host": "ip-10-0-2-71", "message": "request completed"}
{"timestamp": "2026-07-13T19:26:52.206222+00:00", "level": "INFO", "service": "auth-service", "endpoint": "/api/orders", "status_code": 200, "latency_ms": 23.1, "trace_id": "eb1017d1-82b2-4d7c-8e04-195f01c2c23f", "host": "ip-10-0-1-189", "message": "request completed"}
{"timestamp": "2026-07-13T19:26:52.206269+00:00", "level": "DEBUG", "service": "notifications-service", "endpoint": "/api/payments/charge", "status_code": 204, "latency_ms": 75.58, "trace_id": "e12f530a-c6e2-4dcc-9bfd-f64734bcab3f", "host": "ip-10-0-1-57", "message": "request completed"}
{"timestamp": "2026-07-13T19:26:52.206303+00:00", "level": "DEBUG", "service": "notifications-service", "endpoint": "/api/notify", "status_code": 201, "latency_ms": 118.97, "trace_id": "a510088a-81b3-40e9-8164-b7d797f1b177", "host": "ip-10-0-1-133", "message": "request completed"}
{"timestamp": "2026-07-13T19:26:52.206331+00:00", "level": "DEBUG", "service": "auth-service", "endpoint": "/api/payments/charge", "status_code": 200, "latency_ms": 176.14, "trace_id": "a7f220c4-9769-4e11-92e0-d930e925df9d", "host": "ip-10-0-4-106", "message": "request completed"}
{"timestamp": "2026-07-13T19:26:52.206357+00:00", "level": "INFO", "service": "auth-service", "endpoint": "/api/notify", "status_code": 201, "latency_ms": 45.39, "trace_id": "6a5411c2-2b3b-4972-a346-a3e6daf341de", "host": "ip-10-0-2-210", "message": "request completed"}
{"timestamp": "2026-07-13T19:26:52.206393+00:00", "level": "INFO", "service": "auth-service", "endpoint": "/api/notify", "status_code": 204, "latency_ms": 28.55, "trace_id": "b6693474-a1ea-4179-9753-e362dc79bd80", "host": "ip-10-0-3-17", "message": "request completed"}
{"timestamp": "2026-07-13T19:26:52.206418+00:00", "level": "DEBUG", "service": "payments-service", "endpoint": "/api/notify", "status_code": 204, "latency_ms": 85.45, "trace_id": "63419ea0-2bae-435a-b103-4cece5e4ad9e", "host": "ip-10-0-2-233", "message": "request completed"}
{"timestamp": "2026-07-13T19:26:52.206444+00:00", "level": "DEBUG", "service": "orders-service", "endpoint": "/api/payments/charge", "status_code": 200, "latency_ms": 151.99, "trace_id": "76e8c2db-50b2-445f-b575-29ad9d07f2a1", "host": "ip-10-0-4-124", "message": "request completed"}
{"timestamp": "2026-07-13T19:26:52.206474+00:00", "level": "DEBUG", "service": "payments-service", "endpoint": "/api/login", "status_code": 204, "latency_ms": 54.46, "trace_id": "6044e5c0-9c89-4007-938d-738bc6e54f76", "host": "ip-10-0-1-190", "message": "request completed"}
{"timestamp": "2026-07-13T19:26:52.206500+00:00", "level": "INFO", "service": "notifications-service", "endpoint": "/api/notify", "status_code": 201, "latency_ms": 111.72, "trace_id": "b2d64581-8664-49cf-9e02-19a5d4c5e7d7", "host": "ip-10-0-3-194", "message": "request completed"}
{"timestamp": "2026-07-13T19:26:52.206530+00:00", "level": "DEBUG", "service": "orders-service", "endpoint": "/api/notify", "status_code": 204, "latency_ms": 14.85, "trace_id": "d1be7349-ae81-4259-9f1b-3cd3c4a43b1b", "host": "ip-10-0-1-81", "message": "request completed"}
{"timestamp": "2026-07-13T19:26:52.206557+00:00", "level": "DEBUG", "service": "notifications-service", "endpoint": "/api/notify", "status_code": 200, "latency_ms": 124.52, "trace_id": "954456cb-e192-48e2-ac93-464d2b585a1f", "host": "ip-10-0-1-218", "message": "request completed"}
{"timestamp": "2026-07-13T19:26:52.206587+00:00", "level": "DEBUG", "service": "notifications-service", "endpoint": "/api/health", "status_code": 201, "latency_ms": 120.34, "trace_id": "c7512f92-0973-4bee-af94-e6075fee64b8", "host": "ip-10-0-4-1", "message": "request completed"}
{"timestamp": "2026-07-13T19:26:52.206615+00:00", "level": "INFO", "service": "auth-service", "endpoint": "/api/notify", "status_code": 201, "latency_ms": 124.42, "trace_id": "f9fc1f37-cfc4-4758-9f74-784a024770ef", "host": "ip-10-0-4-57", "message": "request completed"}
{"timestamp": "2026-07-13T19:26:52.206643+00:00", "level": "INFO", "service": "auth-service", "endpoint": "/api/health", "status_code": 204, "latency_ms": 113.64, "trace_id": "605bd07f-ff33-46f3-8c28-0a996d8982c7", "host": "ip-10-0-1-225", "message": "request completed"}
{"timestamp": "2026-07-13T19:26:52.206661+00:00", "level": "INFO", "service": "auth-service", "endpoint": "/api/orders", "status_code": 201, "latency_ms": 55.75, "trace_id": "49d782f1-c713-4f69-9b01-7f976653c3ac", "host": "ip-10-0-1-53", "message": "request completed"}
{"timestamp": "2026-07-13T19:26:52.206678+00:00", "level": "DEBUG", "service": "orders-service", "endpoint": "/api/login", "status_code": 200, "latency_ms": 51.91, "trace_id": "7cc5b63f-6e57-4695-ad37-8fac9bdee250", "host": "ip-10-0-4-215", "message": "request completed"}
{"timestamp": "2026-07-13T19:26:52.206694+00:00", "level": "DEBUG", "service": "payments-service", "endpoint": "/api/notify", "status_code": 200, "latency_ms": 56.63, "trace_id": "a25feac6-3baf-4e14-8e0e-0ac8309f1ad9", "host": "ip-10-0-4-69", "message": "request completed"}
{"timestamp": "2026-07-13T19:26:52.206710+00:00", "level": "INFO", "service": "auth-service", "endpoint": "/api/payments/charge", "status_code": 204, "latency_ms": 170.4, "trace_id": "46705d69-e3a2-4960-ba06-49375cd048e8", "host": "ip-10-0-1-75", "message": "request completed"}
{"timestamp": "2026-07-13T19:26:52.206727+00:00", "level": "INFO", "service": "auth-service", "endpoint": "/api/health", "status_code": 200, "latency_ms": 71.58, "trace_id": "ac557b36-2dee-4376-8ef9-55d88cca1fe9", "host": "ip-10-0-3-219", "message": "request completed"}
{"timestamp": "2026-07-13T19:26:52.206743+00:00", "level": "INFO", "service": "notifications-service", "endpoint": "/api/orders", "status_code": 200, "latency_ms": 140.42, "trace_id": "7a89c9fa-e808-4a7e-8560-e3471ccbd567", "host": "ip-10-0-1-225", "message": "request completed"}
{"timestamp": "2026-07-13T19:26:52.206760+00:00", "level": "DEBUG", "service": "payments-service", "endpoint": "/api/health", "status_code": 201, "latency_ms": 68.47, "trace_id": "f8365ff9-1e5a-4792-aa8c-91af9059cb2d", "host": "ip-10-0-2-237", "message": "request completed"}
{"timestamp": "2026-07-13T19:26:52.206776+00:00", "level": "DEBUG", "service": "payments-service", "endpoint": "/api/login", "status_code": 204, "latency_ms": 77.35, "trace_id": "622af3e4-df30-4983-bb4b-edc48b5c0a13", "host": "ip-10-0-1-7", "message": "request completed"}
{"timestamp": "2026-07-13T19:26:52.206799+00:00", "level": "INFO", "service": "auth-service", "endpoint": "/api/notify", "status_code": 201, "latency_ms": 20.83, "trace_id": "d4db4e51-68b0-423a-aa42-31bc6bfa95c9", "host": "ip-10-0-2-46", "message": "request completed"}
{"timestamp": "2026-07-13T19:26:52.206816+00:00", "level": "DEBUG", "service": "payments-service", "endpoint": "/api/health", "status_code": 204, "latency_ms": 122.7, "trace_id": "3bed2246-6ce6-4c17-9081-db2fee303044", "host": "ip-10-0-2-28", "message": "request completed"}
{"timestamp": "2026-07-13T19:26:52.206832+00:00", "level": "INFO", "service": "auth-service", "endpoint": "/api/payments/charge", "status_code": 201, "latency_ms": 34.75, "trace_id": "7b7ca0cc-c2e0-4717-8544-d311d10f4d70", "host": "ip-10-0-2-232", "message": "request completed"}
{"timestamp": "2026-07-13T19:26:52.206849+00:00", "level": "DEBUG", "service": "orders-service", "endpoint": "/api/health", "status_code": 201, "latency_ms": 121.46, "trace_id": "f2d4c724-c1da-4416-a725-01afa2937f55", "host": "ip-10-0-2-108", "message": "request completed"}
{"timestamp": "2026-07-13T19:26:52.206866+00:00", "level": "DEBUG", "service": "notifications-service", "endpoint": "/api/payments/charge", "status_code": 201, "latency_ms": 164.45, "trace_id": "caf55680-5d28-42e8-8ea5-8389ab956439", "host": "ip-10-0-1-179", "message": "request completed"}
{"timestamp": "2026-07-13T19:26:52.206882+00:00", "level": "DEBUG", "service": "payments-service", "endpoint": "/api/health", "status_code": 200, "latency_ms": 130.51, "trace_id": "7b8c398d-c06b-40ce-b80b-89ac859ecacd", "host": "ip-10-0-3-197", "message": "request completed"}
{"timestamp": "2026-07-13T19:26:52.206902+00:00", "level": "DEBUG", "service": "payments-service", "endpoint": "/api/orders", "status_code": 200, "latency_ms": 157.94, "trace_id": "33a38022-c762-4200-b869-88fa674bd87a", "host": "ip-10-0-3-254", "message": "request completed"}
{"timestamp": "2026-07-13T19:26:52.206919+00:00", "level": "INFO", "service": "auth-service", "endpoint": "/api/payments/charge", "status_code": 200, "latency_ms": 119.84, "trace_id": "42b14028-baba-4555-b557-fbe69f70552c", "host": "ip-10-0-3-250", "message": "request completed"}
{"timestamp": "2026-07-13T19:26:52.206938+00:00", "level": "WARN", "service": "notifications-service", "endpoint": "/api/payments/charge", "status_code": 503, "latency_ms": 774.05, "trace_id": "26c4aff4-a002-4133-86c7-500a86ec76a4", "host": "ip-10-0-2-67", "message": "request failed"}
{"timestamp": "2026-07-13T19:26:52.206955+00:00", "level": "INFO", "service": "auth-service", "endpoint": "/api/health", "status_code": 201, "latency_ms": 110.98, "trace_id": "e9917444-e05c-47e6-959b-e33e0f48b220", "host": "ip-10-0-1-60", "message": "request completed"}
{"timestamp": "2026-07-13T19:26:52.206971+00:00", "level": "INFO", "service": "orders-service", "endpoint": "/api/login", "status_code": 204, "latency_ms": 50.21, "trace_id": "a51dde43-8ce8-4403-9d63-215b5b634525", "host": "ip-10-0-4-232", "message": "request completed"}
{"timestamp": "2026-07-13T19:26:52.206988+00:00", "level": "INFO", "service": "notifications-service", "endpoint": "/api/health", "status_code": 204, "latency_ms": 159.64, "trace_id": "cc265552-d6a9-4f06-befa-620aefb548d5", "host": "ip-10-0-4-57", "message": "request completed"}
{"timestamp": "2026-07-13T19:26:52.207004+00:00", "level": "INFO", "service": "payments-service", "endpoint": "/api/orders", "status_code": 204, "latency_ms": 96.99, "trace_id": "a7d0d26d-2188-473b-9801-2417bc7ebc08", "host": "ip-10-0-3-210", "message": "request completed"}
{"timestamp": "2026-07-13T19:26:52.207021+00:00", "level": "DEBUG", "service": "orders-service", "endpoint": "/api/notify", "status_code": 200, "latency_ms": 56.03, "trace_id": "74757c3c-284d-4b75-b1dc-b6422ea709fe", "host": "ip-10-0-3-246", "message": "request completed"}
{"timestamp": "2026-07-13T19:26:52.207037+00:00", "level": "DEBUG", "service": "payments-service", "endpoint": "/api/notify", "status_code": 204, "latency_ms": 176.1, "trace_id": "7b847e6d-be8d-4834-86d6-a54a2e8c6be7", "host": "ip-10-0-1-97", "message": "request completed"}
{"timestamp": "2026-07-13T19:26:52.207053+00:00", "level": "INFO", "service": "payments-service", "endpoint": "/api/health", "status_code": 204, "latency_ms": 115.62, "trace_id": "28eed594-e3a2-4481-a89e-56edfd1e4653", "host": "ip-10-0-3-2", "message": "request completed"}
{"timestamp": "2026-07-13T19:26:52.207069+00:00", "level": "INFO", "service": "auth-service", "endpoint": "/api/orders", "status_code": 201, "latency_ms": 49.74, "trace_id": "7d50e07b-cb74-4501-9675-15311444e65c", "host": "ip-10-0-4-190", "message": "request completed"}
{"timestamp": "2026-07-13T19:26:52.207085+00:00", "level": "INFO", "service": "notifications-service", "endpoint": "/api/orders", "status_code": 204, "latency_ms": 142.5, "trace_id": "1c3019cd-753c-4b29-be9d-5ba9bcbe192c", "host": "ip-10-0-1-139", "message": "request completed"}
{"timestamp": "2026-07-13T19:26:52.207101+00:00", "level": "DEBUG", "service": "orders-service", "endpoint": "/api/notify", "status_code": 200, "latency_ms": 55.88, "trace_id": "ca08aeca-4d59-4e34-99b7-cd703e9940f7", "host": "ip-10-0-3-165", "message": "request completed"}
{"timestamp": "2026-07-13T19:26:52.207118+00:00", "level": "INFO", "service": "auth-service", "endpoint": "/api/payments/charge", "status_code": 204, "latency_ms": 122.14, "trace_id": "812e018e-6926-4e5e-99a0-3b3d57d9143d", "host": "ip-10-0-1-70", "message": "request completed"}
{"timestamp": "2026-07-13T19:26:52.207134+00:00", "level": "DEBUG", "service": "payments-service", "endpoint": "/api/notify", "status_code": 201, "latency_ms": 45.92, "trace_id": "a332e736-4cea-4406-b9fa-77be1f0b3dc7", "host": "ip-10-0-2-123", "message": "request completed"}
{"timestamp": "2026-07-13T19:26:52.207153+00:00", "level": "INFO", "service": "notifications-service", "endpoint": "/api/notify", "status_code": 204, "latency_ms": 124.54, "trace_id": "94eec5f2-fc84-4703-a584-2afd1b28e185", "host": "ip-10-0-3-168", "message": "request completed"}
{"timestamp": "2026-07-13T19:26:52.207169+00:00", "level": "WARN", "service": "payments-service", "endpoint": "/api/orders", "status_code": 503, "latency_ms": 423.41, "trace_id": "454d6610-f7c2-4d77-b308-0336f3b22919", "host": "ip-10-0-4-51", "message": "request failed"}
{"timestamp": "2026-07-13T19:26:52.207225+00:00", "level": "INFO", "service": "orders-service", "endpoint": "/api/payments/charge", "status_code": 201, "latency_ms": 151.71, "trace_id": "bbbd9667-f005-4ae0-adfd-9c3ee7be7318", "host": "ip-10-0-1-238", "message": "request completed"}
{"timestamp": "2026-07-13T19:26:52.207267+00:00", "level": "INFO", "service": "notifications-service", "endpoint": "/api/notify", "status_code": 204, "latency_ms": 127.86, "trace_id": "11ed704f-5a00-469b-a9c0-6d79b1e7ebb0", "host": "ip-10-0-4-17", "message": "request completed"}
{"timestamp": "2026-07-13T19:26:52.207293+00:00", "level": "DEBUG", "service": "auth-service", "endpoint": "/api/payments/charge", "status_code": 200, "latency_ms": 21.2, "trace_id": "d09a69dc-a5a5-4663-82d7-e13f962220b9", "host": "ip-10-0-3-146", "message": "request completed"}
{"timestamp": "2026-07-13T19:26:52.207312+00:00", "level": "DEBUG", "service": "orders-service", "endpoint": "/api/orders", "status_code": 201, "latency_ms": 177.71, "trace_id": "0325e144-1e0c-4150-b6c8-1b100e017de2", "host": "ip-10-0-1-170", "message": "request completed"}
{"timestamp": "2026-07-13T19:26:52.207334+00:00", "level": "DEBUG", "service": "orders-service", "endpoint": "/api/health", "status_code": 204, "latency_ms": 122.32, "trace_id": "f07c43ba-09c1-4e2a-a202-c690f8f4b21f", "host": "ip-10-0-3-35", "message": "request completed"}
{"timestamp": "2026-07-13T19:26:52.207362+00:00", "level": "DEBUG", "service": "orders-service", "endpoint": "/api/health", "status_code": 204, "latency_ms": 107.55, "trace_id": "52917814-cbae-416f-bbb6-5a5085c409d1", "host": "ip-10-0-4-219", "message": "request completed"}
{"timestamp": "2026-07-13T19:26:52.207390+00:00", "level": "INFO", "service": "auth-service", "endpoint": "/api/payments/charge", "status_code": 201, "latency_ms": 45.28, "trace_id": "8c09e88f-4137-4cbe-b78b-f11f3bdd6e38", "host": "ip-10-0-1-175", "message": "request completed"}
{"timestamp": "2026-07-13T19:26:52.207424+00:00", "level": "DEBUG", "service": "payments-service", "endpoint": "/api/payments/charge", "status_code": 204, "latency_ms": 56.28, "trace_id": "6392ae5f-279d-4e28-8188-97616b56b4c8", "host": "ip-10-0-1-171", "message": "request completed"}
{"timestamp": "2026-07-13T19:26:52.207453+00:00", "level": "DEBUG", "service": "orders-service", "endpoint": "/api/notify", "status_code": 201, "latency_ms": 27.55, "trace_id": "64723e2a-63df-41fa-aa0d-e0ac7ca09f6c", "host": "ip-10-0-2-122", "message": "request completed"}
{"timestamp": "2026-07-13T19:26:52.207486+00:00", "level": "ERROR", "service": "auth-service", "endpoint": "/api/payments/charge", "status_code": 400, "latency_ms": 177.11, "trace_id": "3bb2ffe5-2c2a-4316-ab35-9ded60823257", "host": "ip-10-0-4-128", "message": "request failed"}
{"timestamp": "2026-07-13T19:26:52.207516+00:00", "level": "DEBUG", "service": "notifications-service", "endpoint": "/api/payments/charge", "status_code": 204, "latency_ms": 39.35, "trace_id": "cfe780cd-fe9f-4fb4-81fb-44fff26fa4a5", "host": "ip-10-0-2-52", "message": "request completed"}
{"timestamp": "2026-07-13T19:26:52.207542+00:00", "level": "DEBUG", "service": "payments-service", "endpoint": "/api/orders", "status_code": 201, "latency_ms": 117.32, "trace_id": "1021ea8c-575b-4a3f-a2e4-8a5c2f44e3e3", "host": "ip-10-0-4-203", "message": "request completed"}
{"timestamp": "2026-07-13T19:26:52.207559+00:00", "level": "DEBUG", "service": "auth-service", "endpoint": "/api/health", "status_code": 200, "latency_ms": 114.05, "trace_id": "7552079b-9a19-4e25-a837-ad1570800f1f", "host": "ip-10-0-2-98", "message": "request completed"}
{"timestamp": "2026-07-13T19:26:52.207582+00:00", "level": "DEBUG", "service": "orders-service", "endpoint": "/api/payments/charge", "status_code": 204, "latency_ms": 125.15, "trace_id": "6a0d821b-cf79-4497-acc8-5ab1150e6de4", "host": "ip-10-0-2-173", "message": "request completed"}
{"timestamp": "2026-07-13T19:26:52.207599+00:00", "level": "DEBUG", "service": "auth-service", "endpoint": "/api/payments/charge", "status_code": 201, "latency_ms": 69.67, "trace_id": "e1f3ff72-5f72-4b44-a7fe-a301b4801879", "host": "ip-10-0-1-41", "message": "request completed"}
{"timestamp": "2026-07-13T19:26:52.207616+00:00", "level": "DEBUG", "service": "payments-service", "endpoint": "/api/login", "status_code": 201, "latency_ms": 143.05, "trace_id": "0e1fd932-1daf-4d02-aab1-47d5655c79b5", "host": "ip-10-0-4-167", "message": "request completed"}
{"timestamp": "2026-07-13T19:26:52.207632+00:00", "level": "DEBUG", "service": "orders-service", "endpoint": "/api/orders", "status_code": 204, "latency_ms": 92.25, "trace_id": "93a936f8-d2cd-4734-a75c-127fc30ef7fe", "host": "ip-10-0-3-193", "message": "request completed"}
{"timestamp": "2026-07-13T19:26:52.207649+00:00", "level": "DEBUG", "service": "notifications-service", "endpoint": "/api/health", "status_code": 200, "latency_ms": 10.19, "trace_id": "74847d83-1b38-40da-a662-6f65efe13d0c", "host": "ip-10-0-3-70", "message": "request completed"}
{"timestamp": "2026-07-13T19:26:52.207665+00:00", "level": "INFO", "service": "orders-service", "endpoint": "/api/health", "status_code": 201, "latency_ms": 27.4, "trace_id": "1fef4a7c-95e7-4ddc-9ccb-07061112c6c4", "host": "ip-10-0-2-75", "message": "request completed"}
{"timestamp": "2026-07-13T19:26:52.207681+00:00", "level": "DEBUG", "service": "orders-service", "endpoint": "/api/health", "status_code": 201, "latency_ms": 19.08, "trace_id": "8dc02b15-66cc-4c22-9b1e-331796a9757c", "host": "ip-10-0-3-220", "message": "request completed"}
{"timestamp": "2026-07-13T19:26:52.207697+00:00", "level": "DEBUG", "service": "payments-service", "endpoint": "/api/login", "status_code": 200, "latency_ms": 67.48, "trace_id": "8004266a-6eeb-4ace-be65-30fbc46627de", "host": "ip-10-0-1-12", "message": "request completed"}
{"timestamp": "2026-07-13T19:26:52.207713+00:00", "level": "INFO", "service": "orders-service", "endpoint": "/api/notify", "status_code": 204, "latency_ms": 143.35, "trace_id": "41738fec-9532-40e1-8771-94856fbc4684", "host": "ip-10-0-2-158", "message": "request completed"}
{"timestamp": "2026-07-13T19:26:52.207730+00:00", "level": "DEBUG", "service": "auth-service", "endpoint": "/api/login", "status_code": 201, "latency_ms": 94.76, "trace_id": "33bd6352-0854-4d21-8f2a-be5fa7391b8b", "host": "ip-10-0-1-233", "message": "request completed"}
{"timestamp": "2026-07-13T19:26:52.207746+00:00", "level": "DEBUG", "service": "auth-service", "endpoint": "/api/login", "status_code": 204, "latency_ms": 161.36, "trace_id": "5d3cd7cf-64cd-4b0c-92b6-0bceb61a7bbb", "host": "ip-10-0-4-37", "message": "request completed"}
{"timestamp": "2026-07-13T19:26:52.207762+00:00", "level": "DEBUG", "service": "auth-service", "endpoint": "/api/notify", "status_code": 201, "latency_ms": 82.23, "trace_id": "c4696df2-bef3-464b-800e-97ddcbeb5df1", "host": "ip-10-0-1-120", "message": "request completed"}
{"timestamp": "2026-07-13T19:26:52.207778+00:00", "level": "WARN", "service": "auth-service", "endpoint": "/api/payments/charge", "status_code": 401, "latency_ms": 875.63, "trace_id": "d366ee6c-d095-4bd9-a20c-18a00f160ff9", "host": "ip-10-0-1-24", "message": "request failed"}
{"timestamp": "2026-07-13T19:26:52.207802+00:00", "level": "INFO", "service": "notifications-service", "endpoint": "/api/orders", "status_code": 200, "latency_ms": 67.93, "trace_id": "0fa08d00-18bb-40f7-8fa7-3e48e62126f4", "host": "ip-10-0-2-168", "message": "request completed"}
{"timestamp": "2026-07-13T19:26:52.207819+00:00", "level": "INFO", "service": "payments-service", "endpoint": "/api/health", "status_code": 201, "latency_ms": 43.53, "trace_id": "215d4a51-25e1-4eb4-8697-3a37b2caab40", "host": "ip-10-0-4-33", "message": "request completed"}
{"timestamp": "2026-07-13T19:26:52.207838+00:00", "level": "INFO", "service": "notifications-service", "endpoint": "/api/payments/charge", "status_code": 201, "latency_ms": 79.79, "trace_id": "7c6eea0e-6b0f-4d13-821e-b7bd221db40f", "host": "ip-10-0-2-51", "message": "request completed"}
{"timestamp": "2026-07-13T19:26:52.207855+00:00", "level": "DEBUG", "service": "auth-service", "endpoint": "/api/health", "status_code": 200, "latency_ms": 70.28, "trace_id": "7baa7296-f8b7-42df-b81d-e905444a396c", "host": "ip-10-0-2-53", "message": "request completed"}
{"timestamp": "2026-07-13T19:26:52.207871+00:00", "level": "INFO", "service": "payments-service", "endpoint": "/api/login", "status_code": 200, "latency_ms": 11.26, "trace_id": "375ea1a5-66f8-4119-84a4-a9e247875cdc", "host": "ip-10-0-1-94", "message": "request completed"}
{"timestamp": "2026-07-13T19:26:52.207887+00:00", "level": "INFO", "service": "payments-service", "endpoint": "/api/payments/charge", "status_code": 201, "latency_ms": 13.68, "trace_id": "7d7cfaa7-0745-474c-af27-36039e995f05", "host": "ip-10-0-3-1", "message": "request completed"}
{"timestamp": "2026-07-13T19:26:52.207903+00:00", "level": "DEBUG", "service": "orders-service", "endpoint": "/api/orders", "status_code": 200, "latency_ms": 166.14, "trace_id": "d5805ebd-bde6-488a-a5f0-0f915e938d16", "host": "ip-10-0-4-215", "message": "request completed"}
{"timestamp": "2026-07-13T19:26:52.207920+00:00", "level": "INFO", "service": "notifications-service", "endpoint": "/api/notify", "status_code": 201, "latency_ms": 27.14, "trace_id": "c753cf4e-5031-4caf-ac81-16618fdf4b7c", "host": "ip-10-0-4-119", "message": "request completed"}
{"timestamp": "2026-07-13T19:26:52.207936+00:00", "level": "INFO", "service": "auth-service", "endpoint": "/api/health", "status_code": 200, "latency_ms": 66.06, "trace_id": "e1c7c207-45ea-4906-a619-318c4491fcaf", "host": "ip-10-0-2-60", "message": "request completed"}
{"timestamp": "2026-07-13T19:26:52.207951+00:00", "level": "DEBUG", "service": "payments-service", "endpoint": "/api/orders", "status_code": 200, "latency_ms": 116.73, "trace_id": "a904ac7e-3f03-45a9-8ee8-53f8572821d8", "host": "ip-10-0-1-115", "message": "request completed"}
{"timestamp": "2026-07-13T19:26:52.207968+00:00", "level": "WARN", "service": "notifications-service", "endpoint": "/api/notify", "status_code": 400, "latency_ms": 611.68, "trace_id": "617d28ba-e6d9-4761-b015-8e76c81316c4", "host": "ip-10-0-2-220", "message": "request failed"}
{"timestamp": "2026-07-13T19:26:52.207984+00:00", "level": "DEBUG", "service": "auth-service", "endpoint": "/api/notify", "status_code": 204, "latency_ms": 169.4, "trace_id": "94e86d44-ed87-47b8-91ba-ec7e9e9b8fd4", "host": "ip-10-0-1-20", "message": "request completed"}
{"timestamp": "2026-07-13T19:26:52.208000+00:00", "level": "DEBUG", "service": "auth-service", "endpoint": "/api/orders", "status_code": 201, "latency_ms": 14.31, "trace_id": "f682807d-f203-4960-8c06-90438f8354e7", "host": "ip-10-0-3-59", "message": "request completed"}
{"timestamp": "2026-07-13T19:26:52.208047+00:00", "level": "DEBUG", "service": "orders-service", "endpoint": "/api/notify", "status_code": 201, "latency_ms": 72.19, "trace_id": "cbcef2b6-aab1-4a51-8c80-4c18257fdaeb", "host": "ip-10-0-4-100", "message": "request completed"}
{"timestamp": "2026-07-13T19:26:52.208070+00:00", "level": "DEBUG", "service": "auth-service", "endpoint": "/api/health", "status_code": 201, "latency_ms": 152.0, "trace_id": "690dc5cc-2900-4e3c-a7df-a78f109e8642", "host": "ip-10-0-3-148", "message": "request completed"}
{"timestamp": "2026-07-13T19:26:52.208096+00:00", "level": "INFO", "service": "auth-service", "endpoint": "/api/orders", "status_code": 204, "latency_ms": 99.33, "trace_id": "ff9f0f05-5c4a-41b2-881b-8800ac5e06de", "host": "ip-10-0-1-234", "message": "request completed"}
{"timestamp": "2026-07-13T19:26:52.208118+00:00", "level": "DEBUG", "service": "payments-service", "endpoint": "/api/orders", "status_code": 204, "latency_ms": 125.43, "trace_id": "466acca5-1f58-4b33-881a-eb016138397c", "host": "ip-10-0-1-40", "message": "request completed"}
{"timestamp": "2026-07-13T19:26:52.208136+00:00", "level": "DEBUG", "service": "auth-service", "endpoint": "/api/login", "status_code": 204, "latency_ms": 163.48, "trace_id": "5cb4d38e-2ed7-4460-b13d-91ce891189f1", "host": "ip-10-0-2-100", "message": "request completed"}
{"timestamp": "2026-07-13T19:26:52.208152+00:00", "level": "INFO", "service": "auth-service", "endpoint": "/api/orders", "status_code": 200, "latency_ms": 54.33, "trace_id": "929db053-028b-4875-ac14-d5b50eaa37f6", "host": "ip-10-0-1-85", "message": "request completed"}
{"timestamp": "2026-07-13T19:26:52.208169+00:00", "level": "INFO", "service": "notifications-service", "endpoint": "/api/health", "status_code": 201, "latency_ms": 137.5, "trace_id": "fe30b7cf-b38a-4f39-81ea-b685fabe0822", "host": "ip-10-0-2-61", "message": "request completed"}
{"timestamp": "2026-07-13T19:26:52.208217+00:00", "level": "INFO", "service": "notifications-service", "endpoint": "/api/payments/charge", "status_code": 200, "latency_ms": 147.79, "trace_id": "78ccd113-6fc0-455f-8dd5-5833c087d181", "host": "ip-10-0-1-214", "message": "request completed"}
{"timestamp": "2026-07-13T19:26:52.208259+00:00", "level": "DEBUG", "service": "orders-service", "endpoint": "/api/orders", "status_code": 200, "latency_ms": 13.61, "trace_id": "04d8497c-64b7-42b1-9e93-dee682f718ba", "host": "ip-10-0-3-253", "message": "request completed"}
{"timestamp": "2026-07-13T19:26:52.208283+00:00", "level": "INFO", "service": "orders-service", "endpoint": "/api/notify", "status_code": 201, "latency_ms": 33.63, "trace_id": "1d4bc646-acbf-4c70-8530-b7b2fb48a7be", "host": "ip-10-0-4-199", "message": "request completed"}
{"timestamp": "2026-07-13T19:26:52.208302+00:00", "level": "INFO", "service": "payments-service", "endpoint": "/api/notify", "status_code": 204, "latency_ms": 109.66, "trace_id": "0852fad4-d6c9-45f4-8f3f-d63141207d7d", "host": "ip-10-0-4-135", "message": "request completed"}
{"timestamp": "2026-07-13T19:26:52.208320+00:00", "level": "INFO", "service": "notifications-service", "endpoint": "/api/login", "status_code": 200, "latency_ms": 32.72, "trace_id": "bce864e3-b020-4948-a73b-ef91874d4f1e", "host": "ip-10-0-4-117", "message": "request completed"}
{"timestamp": "2026-07-13T19:26:52.208337+00:00", "level": "INFO", "service": "notifications-service", "endpoint": "/api/payments/charge", "status_code": 200, "latency_ms": 149.29, "trace_id": "5087ffe3-29c5-4cd3-8973-6309a7c2ff6e", "host": "ip-10-0-4-240", "message": "request completed"}
{"timestamp": "2026-07-13T19:26:52.208354+00:00", "level": "INFO", "service": "payments-service", "endpoint": "/api/notify", "status_code": 200, "latency_ms": 145.88, "trace_id": "3726dbfc-2dc3-454e-b185-bdb687e6edd4", "host": "ip-10-0-4-61", "message": "request completed"}
{"timestamp": "2026-07-13T19:26:52.208370+00:00", "level": "DEBUG", "service": "orders-service", "endpoint": "/api/orders", "status_code": 201, "latency_ms": 45.56, "trace_id": "fe2dfd3a-e719-45dd-af2b-0f1886a1793f", "host": "ip-10-0-2-86", "message": "request completed"}
{"timestamp": "2026-07-13T19:26:52.208387+00:00", "level": "DEBUG", "service": "orders-service", "endpoint": "/api/login", "status_code": 200, "latency_ms": 48.33, "trace_id": "e8deb929-64a1-4e8d-84ba-8793619516e3", "host": "ip-10-0-1-248", "message": "request completed"}
{"timestamp": "2026-07-13T19:26:52.208403+00:00", "level": "INFO", "service": "auth-service", "endpoint": "/api/health", "status_code": 201, "latency_ms": 78.63, "trace_id": "a5d79e9e-514a-4861-9b68-42b6a8803b10", "host": "ip-10-0-3-240", "message": "request completed"}
{"timestamp": "2026-07-13T19:26:52.208420+00:00", "level": "ERROR", "service": "auth-service", "endpoint": "/api/login", "status_code": 401, "latency_ms": 387.75, "trace_id": "c5ce5581-af6c-4cd5-b2e2-b341008a743e", "host": "ip-10-0-1-102", "message": "request failed"}
{"timestamp": "2026-07-13T19:26:52.208442+00:00", "level": "INFO", "service": "orders-service", "endpoint": "/api/notify", "status_code": 201, "latency_ms": 88.75, "trace_id": "be230f3d-86d7-4903-add6-abfbe1d12654", "host": "ip-10-0-2-54", "message": "request completed"}
{"timestamp": "2026-07-13T19:26:52.208459+00:00", "level": "DEBUG", "service": "notifications-service", "endpoint": "/api/login", "status_code": 200, "latency_ms": 25.87, "trace_id": "29723e5d-6894-45c6-a7f7-51692bd49eca", "host": "ip-10-0-3-244", "message": "request completed"}
{"timestamp": "2026-07-13T19:26:52.208476+00:00", "level": "INFO", "service": "auth-service", "endpoint": "/api/health", "status_code": 201, "latency_ms": 59.4, "trace_id": "b097602a-79c8-4dc7-bb41-c3e86e3b0c4b", "host": "ip-10-0-4-174", "message": "request completed"}
{"timestamp": "2026-07-13T19:26:52.208493+00:00", "level": "DEBUG", "service": "orders-service", "endpoint": "/api/notify", "status_code": 204, "latency_ms": 23.63, "trace_id": "40b7c503-595e-42e8-96a2-217da2653eca", "host": "ip-10-0-4-214", "message": "request completed"}
{"timestamp": "2026-07-13T19:26:52.208509+00:00", "level": "INFO", "service": "orders-service", "endpoint": "/api/health", "status_code": 200, "latency_ms": 94.8, "trace_id": "5b913d2a-7875-4d68-9717-37e65edc984e", "host": "ip-10-0-3-122", "message": "request completed"}
{"timestamp": "2026-07-13T19:26:52.208525+00:00", "level": "INFO", "service": "payments-service", "endpoint": "/api/health", "status_code": 200, "latency_ms": 122.2, "trace_id": "f7fd8a7a-2e24-4bc6-bb96-f777d343474d", "host": "ip-10-0-1-125", "message": "request completed"}
{"timestamp": "2026-07-13T19:26:52.208542+00:00", "level": "INFO", "service": "auth-service", "endpoint": "/api/login", "status_code": 201, "latency_ms": 62.11, "trace_id": "fa2bec69-49ee-4bf7-87cc-ffdea12773e1", "host": "ip-10-0-1-50", "message": "request completed"}
{"timestamp": "2026-07-13T19:26:52.208559+00:00", "level": "DEBUG", "service": "payments-service", "endpoint": "/api/payments/charge", "status_code": 200, "latency_ms": 73.0, "trace_id": "c59bc2d5-5649-42ea-b47f-ab531d9d8c9c", "host": "ip-10-0-2-47", "message": "request completed"}
{"timestamp": "2026-07-13T19:26:52.208586+00:00", "level": "INFO", "service": "orders-service", "endpoint": "/api/notify", "status_code": 200, "latency_ms": 135.21, "trace_id": "2224ab3a-9c3d-4394-bbdc-e51ca6947def", "host": "ip-10-0-4-238", "message": "request completed"}
{"timestamp": "2026-07-13T19:26:52.208603+00:00", "level": "INFO", "service": "orders-service", "endpoint": "/api/notify", "status_code": 200, "latency_ms": 115.86, "trace_id": "bebd8e40-0196-423c-a288-75da884ba0bc", "host": "ip-10-0-2-184", "message": "request completed"}
{"timestamp": "2026-07-13T19:26:52.208626+00:00", "level": "INFO", "service": "notifications-service", "endpoint": "/api/health", "status_code": 204, "latency_ms": 144.78, "trace_id": "45e18c0a-80cb-46fd-9f09-cd503a386516", "host": "ip-10-0-2-57", "message": "request completed"}
{"timestamp": "2026-07-13T19:26:52.208644+00:00", "level": "DEBUG", "service": "auth-service", "endpoint": "/api/login", "status_code": 201, "latency_ms": 54.73, "trace_id": "d8bd5e80-d665-4fec-b3fc-7010adc8fbc9", "host": "ip-10-0-2-127", "message": "request completed"}
{"timestamp": "2026-07-13T19:26:52.208660+00:00", "level": "DEBUG", "service": "auth-service", "endpoint": "/api/login", "status_code": 204, "latency_ms": 116.94, "trace_id": "20ce8ca8-f835-4b5a-b38b-fc6b302d1ca7", "host": "ip-10-0-2-167", "message": "request completed"}
{"timestamp": "2026-07-13T19:26:52.208676+00:00", "level": "INFO", "service": "auth-service", "endpoint": "/api/notify", "status_code": 200, "latency_ms": 141.88, "trace_id": "b30c077d-9428-42f9-a6aa-e0ba7dca89df", "host": "ip-10-0-1-57", "message": "request completed"}
{"timestamp": "2026-07-13T19:26:52.208692+00:00", "level": "DEBUG", "service": "payments-service", "endpoint": "/api/orders", "status_code": 204, "latency_ms": 175.09, "trace_id": "82d1aac6-3d2b-43ef-a229-85bc16f7d5d9", "host": "ip-10-0-2-200", "message": "request completed"}
{"timestamp": "2026-07-13T19:26:52.208716+00:00", "level": "INFO", "service": "orders-service", "endpoint": "/api/login", "status_code": 201, "latency_ms": 48.79, "trace_id": "93feeb4b-bbb4-4815-9a4d-6d31ab603b09", "host": "ip-10-0-2-129", "message": "request completed"}
{"timestamp": "2026-07-13T19:26:52.208733+00:00", "level": "INFO", "service": "orders-service", "endpoint": "/api/payments/charge", "status_code": 204, "latency_ms": 147.71, "trace_id": "524db009-5069-4435-9e5c-c76e8abea2e4", "host": "ip-10-0-3-226", "message": "request completed"}
{"timestamp": "2026-07-13T19:26:52.208750+00:00", "level": "INFO", "service": "auth-service", "endpoint": "/api/orders", "status_code": 200, "latency_ms": 172.52, "trace_id": "0e515069-0c51-4782-b60e-c687b057e2aa", "host": "ip-10-0-4-126", "message": "request completed"}
{"timestamp": "2026-07-13T19:26:52.208766+00:00", "level": "DEBUG", "service": "notifications-service", "endpoint": "/api/notify", "status_code": 204, "latency_ms": 117.15, "trace_id": "0a99f326-5df9-4d40-8792-59df55b8d5a5", "host": "ip-10-0-2-22", "message": "request completed"}
{"timestamp": "2026-07-13T19:26:52.208790+00:00", "level": "INFO", "service": "notifications-service", "endpoint": "/api/health", "status_code": 201, "latency_ms": 20.95, "trace_id": "06dc0402-66b7-4389-8181-acd5edb942da", "host": "ip-10-0-4-133", "message": "request completed"}
{"timestamp": "2026-07-13T19:26:52.208807+00:00", "level": "INFO", "service": "auth-service", "endpoint": "/api/health", "status_code": 204, "latency_ms": 87.29, "trace_id": "473ba62c-a8e8-4f95-a46d-ede36bc88aea", "host": "ip-10-0-2-107", "message": "request completed"}
{"timestamp": "2026-07-13T19:26:52.208823+00:00", "level": "DEBUG", "service": "payments-service", "endpoint": "/api/orders", "status_code": 204, "latency_ms": 127.25, "trace_id": "a301780d-d225-4d49-9ec8-9a6204ab99cb", "host": "ip-10-0-4-228", "message": "request completed"}
{"timestamp": "2026-07-13T19:26:52.208839+00:00", "level": "DEBUG", "service": "orders-service", "endpoint": "/api/orders", "status_code": 201, "latency_ms": 90.95, "trace_id": "bee1b27e-8894-49db-8f0c-71c84db7dbca", "host": "ip-10-0-2-58", "message": "request completed"}
{"timestamp": "2026-07-13T19:26:52.208855+00:00", "level": "INFO", "service": "notifications-service", "endpoint": "/api/orders", "status_code": 201, "latency_ms": 114.98, "trace_id": "7029f2a9-bf01-4bf0-84c1-a894abec64db", "host": "ip-10-0-3-25", "message": "request completed"}
{"timestamp": "2026-07-13T19:26:52.208872+00:00", "level": "DEBUG", "service": "auth-service", "endpoint": "/api/login", "status_code": 201, "latency_ms": 153.95, "trace_id": "1810d9d2-3522-4840-b98c-c630822de841", "host": "ip-10-0-2-14", "message": "request completed"}
{"timestamp": "2026-07-13T19:26:52.208890+00:00", "level": "INFO", "service": "auth-service", "endpoint": "/api/login", "status_code": 200, "latency_ms": 163.82, "trace_id": "d319f9b1-6d93-4605-94c4-1a82f8a92f64", "host": "ip-10-0-1-130", "message": "request completed"}
{"timestamp": "2026-07-13T19:26:52.208906+00:00", "level": "DEBUG", "service": "orders-service", "endpoint": "/api/payments/charge", "status_code": 204, "latency_ms": 47.87, "trace_id": "efc43e0b-c4db-4525-8972-916a5b967a4b", "host": "ip-10-0-4-99", "message": "request completed"}
{"timestamp": "2026-07-13T19:26:52.208922+00:00", "level": "INFO", "service": "payments-service", "endpoint": "/api/health", "status_code": 204, "latency_ms": 12.09, "trace_id": "e93e4eb4-763c-40e6-b932-a66793010d29", "host": "ip-10-0-3-224", "message": "request completed"}
{"timestamp": "2026-07-13T19:26:52.208939+00:00", "level": "INFO", "service": "auth-service", "endpoint": "/api/login", "status_code": 204, "latency_ms": 40.89, "trace_id": "a4f1712c-6e7c-4c9d-ba1b-9b9f501e5b8a", "host": "ip-10-0-2-9", "message": "request completed"}
{"timestamp": "2026-07-13T19:26:52.208955+00:00", "level": "DEBUG", "service": "notifications-service", "endpoint": "/api/login", "status_code": 204, "latency_ms": 63.26, "trace_id": "36af7696-704c-41b5-be8d-c2595d92b251", "host": "ip-10-0-3-55", "message": "request completed"}
{"timestamp": "2026-07-13T19:26:52.208974+00:00", "level": "DEBUG", "service": "notifications-service", "endpoint": "/api/notify", "status_code": 200, "latency_ms": 106.39, "trace_id": "2a154554-3a52-4ced-9daf-9480cd8a6651", "host": "ip-10-0-3-87", "message": "request completed"}
{"timestamp": "2026-07-13T19:26:52.208991+00:00", "level": "DEBUG", "service": "auth-service", "endpoint": "/api/health", "status_code": 200, "latency_ms": 44.16, "trace_id": "48ea4abc-8992-4398-83c8-3267197f5473", "host": "ip-10-0-2-70", "message": "request completed"}
{"timestamp": "2026-07-13T19:26:52.209007+00:00", "level": "INFO", "service": "auth-service", "endpoint": "/api/orders", "status_code": 201, "latency_ms": 77.86, "trace_id": "7b6f1424-7fe9-452e-ba1c-4c2290c1a6e3", "host": "ip-10-0-4-32", "message": "request completed"}
{"timestamp": "2026-07-13T19:26:52.209023+00:00", "level": "DEBUG", "service": "notifications-service", "endpoint": "/api/payments/charge", "status_code": 201, "latency_ms": 139.3, "trace_id": "4aff02a7-8646-4983-8e16-2560c743d115", "host": "ip-10-0-4-79", "message": "request completed"}
{"timestamp": "2026-07-13T19:26:52.209040+00:00", "level": "INFO", "service": "payments-service", "endpoint": "/api/login", "status_code": 204, "latency_ms": 132.3, "trace_id": "c1539af9-0625-49ab-8c9d-24e12a6b9a00", "host": "ip-10-0-3-31", "message": "request completed"}
{"timestamp": "2026-07-13T19:26:52.209056+00:00", "level": "INFO", "service": "notifications-service", "endpoint": "/api/payments/charge", "status_code": 204, "latency_ms": 166.07, "trace_id": "9bd86e8b-9583-4b17-8a76-5e9f2cbed852", "host": "ip-10-0-3-87", "message": "request completed"}
{"timestamp": "2026-07-13T19:26:52.209072+00:00", "level": "INFO", "service": "payments-service", "endpoint": "/api/payments/charge", "status_code": 200, "latency_ms": 88.5, "trace_id": "229c5c97-66fc-465d-91f4-f3e56677ceb5", "host": "ip-10-0-4-103", "message": "request completed"}
{"timestamp": "2026-07-13T19:26:52.209089+00:00", "level": "WARN", "service": "orders-service", "endpoint": "/api/payments/charge", "status_code": 502, "latency_ms": 203.94, "trace_id": "4d8c2641-148f-447f-9423-595439ca8e30", "host": "ip-10-0-4-81", "message": "request failed"}
{"timestamp": "2026-07-13T19:26:52.209105+00:00", "level": "DEBUG", "service": "auth-service", "endpoint": "/api/orders", "status_code": 201, "latency_ms": 124.33, "trace_id": "0e91406b-5b53-46de-9a5c-35978736a5e3", "host": "ip-10-0-2-188", "message": "request completed"}
{"timestamp": "2026-07-13T19:26:52.209122+00:00", "level": "INFO", "service": "notifications-service", "endpoint": "/api/payments/charge", "status_code": 201, "latency_ms": 19.25, "trace_id": "8fe8deff-51e9-423c-852e-a5129014e7db", "host": "ip-10-0-2-3", "message": "request completed"}
{"timestamp": "2026-07-13T19:26:52.209138+00:00", "level": "INFO", "service": "auth-service", "endpoint": "/api/login", "status_code": 201, "latency_ms": 50.86, "trace_id": "e74788a9-6525-4280-884d-7268b15c823b", "host": "ip-10-0-2-202", "message": "request completed"}
{"timestamp": "2026-07-13T19:26:52.209154+00:00", "level": "INFO", "service": "payments-service", "endpoint": "/api/health", "status_code": 204, "latency_ms": 88.62, "trace_id": "0abe0e6b-45d1-4df0-b430-4dd357e75e66", "host": "ip-10-0-1-156", "message": "request completed"}
{"timestamp": "2026-07-13T19:26:52.209170+00:00", "level": "DEBUG", "service": "notifications-service", "endpoint": "/api/notify", "status_code": 200, "latency_ms": 14.08, "trace_id": "54b1409b-ed7e-46ec-a979-326d7ff7707e", "host": "ip-10-0-3-87", "message": "request completed"}
{"timestamp": "2026-07-13T19:26:52.209220+00:00", "level": "DEBUG", "service": "notifications-service", "endpoint": "/api/health", "status_code": 200, "latency_ms": 106.17, "trace_id": "ed83e9a1-01ce-4110-af27-1c1623fbfa1f", "host": "ip-10-0-2-244", "message": "request completed"}
{"timestamp": "2026-07-13T19:26:52.209254+00:00", "level": "DEBUG", "service": "payments-service", "endpoint": "/api/payments/charge", "status_code": 201, "latency_ms": 151.1, "trace_id": "1f00f7e8-a189-4dcc-a285-0e8ded2b039c", "host": "ip-10-0-3-165", "message": "request completed"}
{"timestamp": "2026-07-13T19:26:52.209280+00:00", "level": "INFO", "service": "notifications-service", "endpoint": "/api/orders", "status_code": 204, "latency_ms": 164.22, "trace_id": "5536c83c-20be-4075-b27b-354302ce6a47", "host": "ip-10-0-3-100", "message": "request completed"}
{"timestamp": "2026-07-13T19:26:52.209301+00:00", "level": "INFO", "service": "notifications-service", "endpoint": "/api/orders", "status_code": 200, "latency_ms": 55.98, "trace_id": "8b7efd13-1c52-440e-a15d-f49bedda7667", "host": "ip-10-0-2-224", "message": "request completed"}
{"timestamp": "2026-07-13T19:26:52.209318+00:00", "level": "INFO", "service": "auth-service", "endpoint": "/api/payments/charge", "status_code": 204, "latency_ms": 24.39, "trace_id": "f07a8b26-b664-4281-b4bf-88a89c90d66e", "host": "ip-10-0-4-221", "message": "request completed"}
{"timestamp": "2026-07-13T19:26:52.209335+00:00", "level": "DEBUG", "service": "payments-service", "endpoint": "/api/orders", "status_code": 200, "latency_ms": 63.87, "trace_id": "0f51ad08-40ff-4b05-a485-167bc0bf36cd", "host": "ip-10-0-3-15", "message": "request completed"}
{"timestamp": "2026-07-13T19:26:52.209352+00:00", "level": "INFO", "service": "orders-service", "endpoint": "/api/orders", "status_code": 200, "latency_ms": 176.58, "trace_id": "22f03271-f329-4cfc-93ad-71ca495d604b", "host": "ip-10-0-3-97", "message": "request completed"}
{"timestamp": "2026-07-13T19:26:52.209368+00:00", "level": "INFO", "service": "notifications-service", "endpoint": "/api/orders", "status_code": 204, "latency_ms": 74.53, "trace_id": "4b5de352-a469-47c3-b78c-3dfe403e080a", "host": "ip-10-0-3-183", "message": "request completed"}
{"timestamp": "2026-07-13T19:26:52.209386+00:00", "level": "DEBUG", "service": "notifications-service", "endpoint": "/api/orders", "status_code": 204, "latency_ms": 57.81, "trace_id": "dbd5c8cb-c7b1-446e-b4b5-a762f030e319", "host": "ip-10-0-2-223", "message": "request completed"}
{"timestamp": "2026-07-13T19:26:52.209402+00:00", "level": "INFO", "service": "notifications-service", "endpoint": "/api/payments/charge", "status_code": 200, "latency_ms": 48.35, "trace_id": "a38ad2c2-fe16-4578-ba2d-7b7870a3b5e4", "host": "ip-10-0-4-45", "message": "request completed"}
{"timestamp": "2026-07-13T19:26:52.209419+00:00", "level": "INFO", "service": "notifications-service", "endpoint": "/api/orders", "status_code": 201, "latency_ms": 140.99, "trace_id": "9a018ea0-c63e-4165-bc59-bd13d6289311", "host": "ip-10-0-4-131", "message": "request completed"}
{"timestamp": "2026-07-13T19:26:52.209436+00:00", "level": "DEBUG", "service": "payments-service", "endpoint": "/api/payments/charge", "status_code": 201, "latency_ms": 153.25, "trace_id": "249e41d2-9124-4968-bcb8-28f3fca575dc", "host": "ip-10-0-3-162", "message": "request completed"}
{"timestamp": "2026-07-13T19:26:52.209454+00:00", "level": "INFO", "service": "orders-service", "endpoint": "/api/orders", "status_code": 200, "latency_ms": 67.94, "trace_id": "41aab7c5-227a-4d95-93c7-6f9a107c36a2", "host": "ip-10-0-2-49", "message": "request completed"}
{"timestamp": "2026-07-13T19:26:52.209470+00:00", "level": "DEBUG", "service": "orders-service", "endpoint": "/api/notify", "status_code": 204, "latency_ms": 59.25, "trace_id": "4d1c4a99-b0e4-4ab9-9358-5f65d1dd9a43", "host": "ip-10-0-4-176", "message": "request completed"}
{"timestamp": "2026-07-13T19:26:52.209486+00:00", "level": "DEBUG", "service": "payments-service", "endpoint": "/api/payments/charge", "status_code": 200, "latency_ms": 163.13, "trace_id": "9f7c4f28-33bc-44fb-9491-c7e10682e411", "host": "ip-10-0-2-49", "message": "request completed"}
{"timestamp": "2026-07-13T19:26:52.209503+00:00", "level": "INFO", "service": "payments-service", "endpoint": "/api/notify", "status_code": 204, "latency_ms": 51.84, "trace_id": "3985cddc-4001-4e97-8863-e9081da298f4", "host": "ip-10-0-3-223", "message": "request completed"}
{"timestamp": "2026-07-13T19:26:52.209522+00:00", "level": "DEBUG", "service": "notifications-service", "endpoint": "/api/payments/charge", "status_code": 204, "latency_ms": 20.98, "trace_id": "351a64b6-317e-4435-80aa-223e936ad584", "host": "ip-10-0-2-119", "message": "request completed"}
{"timestamp": "2026-07-13T19:26:52.209539+00:00", "level": "DEBUG", "service": "orders-service", "endpoint": "/api/orders", "status_code": 204, "latency_ms": 59.3, "trace_id": "ea668b14-64eb-46c9-b376-7e245d36d862", "host": "ip-10-0-3-28", "message": "request completed"}
{"timestamp": "2026-07-13T19:26:52.209555+00:00", "level": "DEBUG", "service": "orders-service", "endpoint": "/api/orders", "status_code": 201, "latency_ms": 13.08, "trace_id": "94d51d2f-3a06-43a3-a17e-d8f466881adb", "host": "ip-10-0-2-193", "message": "request completed"}
{"timestamp": "2026-07-13T19:26:52.209571+00:00", "level": "DEBUG", "service": "orders-service", "endpoint": "/api/notify", "status_code": 201, "latency_ms": 121.1, "trace_id": "9527d2f2-f7b0-4ea7-9e6c-b1eefe3231a1", "host": "ip-10-0-4-109", "message": "request completed"}
{"timestamp": "2026-07-13T19:26:52.209587+00:00", "level": "DEBUG", "service": "orders-service", "endpoint": "/api/orders", "status_code": 200, "latency_ms": 146.67, "trace_id": "7e9e8b01-8457-451b-b23c-5d669785087a", "host": "ip-10-0-4-207", "message": "request completed"}
{"timestamp": "2026-07-13T19:26:52.209604+00:00", "level": "ERROR", "service": "auth-service", "endpoint": "/api/notify", "status_code": 401, "latency_ms": 710.53, "trace_id": "06ba518e-6afc-4619-96b2-601a91f549bd", "host": "ip-10-0-1-154", "message": "request failed"}
{"timestamp": "2026-07-13T19:26:52.209621+00:00", "level": "DEBUG", "service": "orders-service", "endpoint": "/api/orders", "status_code": 204, "latency_ms": 152.75, "trace_id": "433db29f-9c9d-46d7-9f94-93e5d9800172", "host": "ip-10-0-4-138", "message": "request completed"}
{"timestamp": "2026-07-13T19:26:52.209693+00:00", "level": "DEBUG", "service": "payments-service", "endpoint": "/api/notify", "status_code": 201, "latency_ms": 37.45, "trace_id": "0dbc3b3a-557e-47ea-83ad-fbaccd5bfd93", "host": "ip-10-0-2-243", "message": "request completed"}
{"timestamp": "2026-07-13T19:26:52.209721+00:00", "level": "DEBUG", "service": "auth-service", "endpoint": "/api/login", "status_code": 204, "latency_ms": 40.83, "trace_id": "3de13573-a9b1-4182-a543-66204128ac78", "host": "ip-10-0-1-202", "message": "request completed"}
{"timestamp": "2026-07-13T19:26:52.209742+00:00", "level": "DEBUG", "service": "auth-service", "endpoint": "/api/health", "status_code": 204, "latency_ms": 23.07, "trace_id": "367880e3-4050-4d44-b925-848b0d3098bd", "host": "ip-10-0-2-53", "message": "request completed"}
{"timestamp": "2026-07-13T19:26:52.209761+00:00", "level": "DEBUG", "service": "auth-service", "endpoint": "/api/notify", "status_code": 204, "latency_ms": 31.94, "trace_id": "6a666dcd-da67-438d-89a3-bff41e090187", "host": "ip-10-0-2-178", "message": "request completed"}
{"timestamp": "2026-07-13T19:26:52.209778+00:00", "level": "DEBUG", "service": "auth-service", "endpoint": "/api/notify", "status_code": 204, "latency_ms": 134.34, "trace_id": "8cde46c7-b0aa-4d9c-ba5b-7df91f9ef1f3", "host": "ip-10-0-2-206", "message": "request completed"}
{"timestamp": "2026-07-13T19:26:52.209802+00:00", "level": "INFO", "service": "auth-service", "endpoint": "/api/orders", "status_code": 201, "latency_ms": 146.06, "trace_id": "51b709cd-0897-48d7-83bb-0fc492ac473e", "host": "ip-10-0-1-254", "message": "request completed"}
{"timestamp": "2026-07-13T19:26:52.209821+00:00", "level": "WARN", "service": "auth-service", "endpoint": "/api/orders", "status_code": 400, "latency_ms": 698.23, "trace_id": "4817c1c6-da54-460e-bb48-a134422edf79", "host": "ip-10-0-2-246", "message": "request failed"}
{"timestamp": "2026-07-13T19:26:52.209838+00:00", "level": "DEBUG", "service": "auth-service", "endpoint": "/api/health", "status_code": 200, "latency_ms": 31.34, "trace_id": "9c0eb96f-7f03-4720-aa13-ce8bc572728f", "host": "ip-10-0-3-188", "message": "request completed"}
{"timestamp": "2026-07-13T19:26:52.209860+00:00", "level": "WARN", "service": "payments-service", "endpoint": "/api/notify", "status_code": 503, "latency_ms": 380.13, "trace_id": "320f8bfc-bb8f-430a-ad0f-af5b00d47c69", "host": "ip-10-0-1-164", "message": "request failed"}
{"timestamp": "2026-07-13T19:26:52.209878+00:00", "level": "INFO", "service": "payments-service", "endpoint": "/api/notify", "status_code": 201, "latency_ms": 130.99, "trace_id": "5bc7dda9-9edd-469e-8bef-c1186f4fd660", "host": "ip-10-0-1-128", "message": "request completed"}
{"timestamp": "2026-07-13T19:26:52.209895+00:00", "level": "INFO", "service": "orders-service", "endpoint": "/api/payments/charge", "status_code": 200, "latency_ms": 88.68, "trace_id": "757beb90-bc17-4962-a8c6-b8fe9a1ff1d5", "host": "ip-10-0-4-235", "message": "request completed"}
{"timestamp": "2026-07-13T19:26:52.209913+00:00", "level": "WARN", "service": "orders-service", "endpoint": "/api/payments/charge", "status_code": 500, "latency_ms": 718.0, "trace_id": "0f7b7b93-3d7b-4f0a-850d-0e2b4b3119e4", "host": "ip-10-0-1-56", "message": "request failed"}
{"timestamp": "2026-07-13T19:26:52.209930+00:00", "level": "DEBUG", "service": "orders-service", "endpoint": "/api/login", "status_code": 201, "latency_ms": 177.2, "trace_id": "90845bcc-b78c-4b8b-9ef2-742cf3df23eb", "host": "ip-10-0-1-243", "message": "request completed"}
{"timestamp": "2026-07-13T19:26:52.209947+00:00", "level": "DEBUG", "service": "orders-service", "endpoint": "/api/payments/charge", "status_code": 204, "latency_ms": 178.53, "trace_id": "8671efed-6e40-4641-aba8-732fc9764088", "host": "ip-10-0-4-159", "message": "request completed"}
{"timestamp": "2026-07-13T19:26:52.209964+00:00", "level": "DEBUG", "service": "auth-service", "endpoint": "/api/health", "status_code": 201, "latency_ms": 162.84, "trace_id": "711e1896-301f-4169-97b3-abf4a62203f5", "host": "ip-10-0-1-114", "message": "request completed"}
{"timestamp": "2026-07-13T19:26:52.209980+00:00", "level": "DEBUG", "service": "payments-service", "endpoint": "/api/health", "status_code": 200, "latency_ms": 135.73, "trace_id": "8defd7d6-7bb6-4b4f-9b95-32d609c8d31e", "host": "ip-10-0-2-31", "message": "request completed"}
{"timestamp": "2026-07-13T19:26:52.210007+00:00", "level": "INFO", "service": "orders-service", "endpoint": "/api/notify", "status_code": 201, "latency_ms": 108.26, "trace_id": "2f1a730c-dff1-4bf5-bc07-fd328469a44c", "host": "ip-10-0-2-13", "message": "request completed"}
{"timestamp": "2026-07-13T19:26:52.210024+00:00", "level": "DEBUG", "service": "auth-service", "endpoint": "/api/login", "status_code": 204, "latency_ms": 86.62, "trace_id": "fbea418a-789f-4ff3-9e84-c5bc99528335", "host": "ip-10-0-4-135", "message": "request completed"}
{"timestamp": "2026-07-13T19:26:52.210040+00:00", "level": "DEBUG", "service": "orders-service", "endpoint": "/api/notify", "status_code": 204, "latency_ms": 175.84, "trace_id": "9aecbb36-7c5d-4af2-a492-9a9ed50e1ba5", "host": "ip-10-0-3-25", "message": "request completed"}
{"timestamp": "2026-07-13T19:26:52.210057+00:00", "level": "INFO", "service": "notifications-service", "endpoint": "/api/payments/charge", "status_code": 201, "latency_ms": 101.3, "trace_id": "f0f836aa-5a99-400f-8e97-4468dad967db", "host": "ip-10-0-4-117", "message": "request completed"}
{"timestamp": "2026-07-13T19:26:52.210081+00:00", "level": "DEBUG", "service": "orders-service", "endpoint": "/api/orders", "status_code": 204, "latency_ms": 101.94, "trace_id": "ca47e84c-47e8-470d-be54-cc28f0ca61ce", "host": "ip-10-0-4-155", "message": "request completed"}
{"timestamp": "2026-07-13T19:26:52.210099+00:00", "level": "INFO", "service": "payments-service", "endpoint": "/api/payments/charge", "status_code": 201, "latency_ms": 139.77, "trace_id": "bcc82e90-3af7-4286-9d0d-8e6b97813b35", "host": "ip-10-0-4-161", "message": "request completed"}
{"timestamp": "2026-07-13T19:26:52.210115+00:00", "level": "DEBUG", "service": "notifications-service", "endpoint": "/api/notify", "status_code": 200, "latency_ms": 73.89, "trace_id": "78ef7404-dc17-41fb-b06d-8f4b9c3dd902", "host": "ip-10-0-3-98", "message": "request completed"}
{"timestamp": "2026-07-13T19:26:52.210136+00:00", "level": "DEBUG", "service": "notifications-service", "endpoint": "/api/notify", "status_code": 201, "latency_ms": 28.01, "trace_id": "3a9af15e-7326-4bf0-8320-e889d0f91d67", "host": "ip-10-0-4-118", "message": "request completed"}
{"timestamp": "2026-07-13T19:26:52.210153+00:00", "level": "INFO", "service": "notifications-service", "endpoint": "/api/notify", "status_code": 201, "latency_ms": 95.02, "trace_id": "726aba2e-189d-4773-aaaf-489796f4d78c", "host": "ip-10-0-2-126", "message": "request completed"}
{"timestamp": "2026-07-13T19:26:52.210169+00:00", "level": "INFO", "service": "payments-service", "endpoint": "/api/notify", "status_code": 201, "latency_ms": 116.68, "trace_id": "df4c5d11-3fe8-4036-b182-53992cd926ea", "host": "ip-10-0-3-179", "message": "request completed"}
{"timestamp": "2026-07-13T19:26:52.210240+00:00", "level": "DEBUG", "service": "payments-service", "endpoint": "/api/payments/charge", "status_code": 201, "latency_ms": 119.06, "trace_id": "315336e1-ecfa-4dbc-b75c-55e595b26bc8", "host": "ip-10-0-3-63", "message": "request completed"}
{"timestamp": "2026-07-13T19:26:52.210271+00:00", "level": "ERROR", "service": "auth-service", "endpoint": "/api/payments/charge", "status_code": 404, "latency_ms": 580.06, "trace_id": "2d50a011-7ecc-4bc8-863f-9662f1ca3ad0", "host": "ip-10-0-4-189", "message": "request failed"}
{"timestamp": "2026-07-13T19:26:52.210293+00:00", "level": "DEBUG", "service": "payments-service", "endpoint": "/api/notify", "status_code": 200, "latency_ms": 163.62, "trace_id": "c7fe5448-1fa3-4377-8e27-0529526d3afd", "host": "ip-10-0-3-38", "message": "request completed"}
{"timestamp": "2026-07-13T19:26:52.210312+00:00", "level": "INFO", "service": "orders-service", "endpoint": "/api/orders", "status_code": 204, "latency_ms": 96.88, "trace_id": "a2fceaa9-f7d4-46c6-bf6c-857058d941d6", "host": "ip-10-0-4-60", "message": "request completed"}
{"timestamp": "2026-07-13T19:26:52.210329+00:00", "level": "INFO", "service": "orders-service", "endpoint": "/api/login", "status_code": 204, "latency_ms": 53.21, "trace_id": "1c6dc66b-7bee-48dc-ba52-2a679b5ec2fd", "host": "ip-10-0-1-148", "message": "request completed"}
{"timestamp": "2026-07-13T19:26:52.210347+00:00", "level": "DEBUG", "service": "auth-service", "endpoint": "/api/health", "status_code": 204, "latency_ms": 134.4, "trace_id": "c1f9c5dd-2ecb-4e8e-846b-8625c7bf9918", "host": "ip-10-0-4-184", "message": "request completed"}
{"timestamp": "2026-07-13T19:26:52.210364+00:00", "level": "INFO", "service": "notifications-service", "endpoint": "/api/notify", "status_code": 201, "latency_ms": 176.71, "trace_id": "1008612e-c648-4ea8-ae66-68dedab2df4f", "host": "ip-10-0-4-19", "message": "request completed"}
{"timestamp": "2026-07-13T19:26:52.210380+00:00", "level": "INFO", "service": "orders-service", "endpoint": "/api/payments/charge", "status_code": 204, "latency_ms": 130.06, "trace_id": "7f3bd6c6-d42a-48c0-b677-b5d679c4db7b", "host": "ip-10-0-2-19", "message": "request completed"}
{"timestamp": "2026-07-13T19:26:52.210397+00:00", "level": "INFO", "service": "payments-service", "endpoint": "/api/login", "status_code": 200, "latency_ms": 103.56, "trace_id": "af10d832-3b9a-4bea-85a8-f096690d658f", "host": "ip-10-0-1-158", "message": "request completed"}
{"timestamp": "2026-07-13T19:26:52.210414+00:00", "level": "INFO", "service": "notifications-service", "endpoint": "/api/notify", "status_code": 204, "latency_ms": 74.33, "trace_id": "2c873158-b09b-424c-ad5b-d6b4761807fd", "host": "ip-10-0-1-131", "message": "request completed"}
{"timestamp": "2026-07-13T19:26:52.210431+00:00", "level": "INFO", "service": "payments-service", "endpoint": "/api/payments/charge", "status_code": 201, "latency_ms": 51.61, "trace_id": "fe877c54-1b66-4962-b3b5-b0820ed5eee9", "host": "ip-10-0-4-135", "message": "request completed"}
{"timestamp": "2026-07-13T19:26:52.210447+00:00", "level": "INFO", "service": "notifications-service", "endpoint": "/api/health", "status_code": 204, "latency_ms": 132.23, "trace_id": "2150f22d-a355-4629-97d8-5f0d1a4b31e9", "host": "ip-10-0-1-51", "message": "request completed"}
{"timestamp": "2026-07-13T19:26:52.210468+00:00", "level": "DEBUG", "service": "payments-service", "endpoint": "/api/notify", "status_code": 201, "latency_ms": 56.97, "trace_id": "9cf521a9-e124-400a-8c4f-1304e0608791", "host": "ip-10-0-4-221", "message": "request completed"}
{"timestamp": "2026-07-13T19:26:52.210486+00:00", "level": "DEBUG", "service": "orders-service", "endpoint": "/api/payments/charge", "status_code": 200, "latency_ms": 157.78, "trace_id": "f3244e7a-521b-49b9-97e7-b2b2e88f1ded", "host": "ip-10-0-4-12", "message": "request completed"}
{"timestamp": "2026-07-13T19:26:52.210502+00:00", "level": "DEBUG", "service": "orders-service", "endpoint": "/api/orders", "status_code": 201, "latency_ms": 132.3, "trace_id": "2d218b78-0127-47aa-854a-53b546ac68c4", "host": "ip-10-0-2-190", "message": "request completed"}
